Microchip MPLAB XC8 Compiler V1.45 ()

Linker command line:

-W-3 --edf=C:\Program Files (x86)\Microchip\xc8\v1.45\dat\en_msgs.txt -cs \
  -h+dist/default/production\Lab1.X.production.sym \
  --cmf=dist/default/production\Lab1.X.production.cmf -z -Q18F4525 \
  -oC:\Users\GT60\AppData\Local\Temp\sgps.2 \
  -Mdist/default/production/Lab1.X.production.map -E1 -ver=XC8 \
  -ASTACK=080h-0f7fh -pstack=STACK -ACODE=00h-0BFFFh -ACONST=00h-0BFFFh \
  -ASMALLCONST=01000h-010FFhx176 -AMEDIUMCONST=01000h-0BFFFh \
  -ACOMRAM=01h-07Fh -AABS1=00h-0F7Fh -ABIGRAM=01h-0F7Fh \
  -ARAM=080h-0FFh,0100h-01FFhx14,0F00h-0F7Fh -ABANK0=080h-0FFh \
  -ABANK1=0100h-01FFh -ABANK2=0200h-02FFh -ABANK3=0300h-03FFh \
  -ABANK4=0400h-04FFh -ABANK5=0500h-05FFh -ABANK6=0600h-06FFh \
  -ABANK7=0700h-07FFh -ABANK8=0800h-08FFh -ABANK9=0900h-09FFh \
  -ABANK10=0A00h-0AFFh -ABANK11=0B00h-0BFFh -ABANK12=0C00h-0CFFh \
  -ABANK13=0D00h-0DFFh -ABANK14=0E00h-0EFFh -ABANK15=0F00h-0F7Fh \
  -ASFR=0F80h-0FFFh -preset_vec=00h,intcode,intcodelo,powerup,init \
  -pramtop=01000h -psmallconst=SMALLCONST -pmediumconst=MEDIUMCONST \
  -pconst=CONST -AFARRAM=00h-00h -ACONFIG=0300000h-030000Dh -pconfig=CONFIG \
  -AIDLOC=0200000h-0200007h -pidloc=IDLOC -AEEDATA=0F00000h-0F003FFh \
  -peeprom_data=EEDATA \
  -prdata=COMRAM,nvrram=COMRAM,nvbit=COMRAM,rbss=COMRAM,rbit=COMRAM \
  -pfarbss=FARRAM,fardata=FARRAM,nvFARRAM=FARRAM \
  -pintsave_regs=BIGRAM,bigbss=BIGRAM,bigdata=BIGRAM -pbss=RAM \
  -pidata=CODE,irdata=CODE,ibigdata=CODE,ifardata=CODE -prparam=COMRAM \
  C:\Users\GT60\AppData\Local\Temp\sgps.obj \
  dist/default/production\Lab1.X.production.obj 

Object code version is 3.11

Machine type is 18F4525

Call graph: (short form)




                Name                               Link     Load   Length Selector   Space Scale
C:\Users\GT60\AppData\Local\Temp\sgps.obj
                init                                  0        0        4        0       0
                idloc                            200000   200000        8   200000       0
                config                           300000   300000        E   300000       0
dist/default/production\Lab1.X.production.obj
                smallconst                         1000     1000        8      800       0
                text10                             152C     152C       1E      804       0
                text9                              154A     154A       16      804       0
                text8                              1478     1478       42      804       0
                text7                              13B0     13B0       76      804       0
                text6                              11DC     11DC      1D4      804       0
                text5                              1008     1008      1D4      804       0
                text4                              14BA     14BA       3E      804       0
                text3                              1572     1572        E      804       0
                text2                              14F8     14F8       34      804       0
                text1                              1426     1426       52      804       0
                text0                              1560     1560       12      804       0
                cstackCOMRAM                          1        1        4        1       1
                cinit                              1580     1580        A      804       0

TOTAL           Name                               Link     Load   Length     Space
        CLASS   STACK          

        CLASS   CODE           
                init                                  0        0        4         0
                text10                             152C     152C       1E         0
                text9                              154A     154A       16         0
                text8                              1478     1478       42         0
                text7                              13B0     13B0       76         0
                text6                              11DC     11DC      1D4         0
                text5                              1008     1008      1D4         0
                text4                              14BA     14BA       3E         0
                text3                              1572     1572        E         0
                text2                              14F8     14F8       34         0
                text1                              1426     1426       52         0
                text0                              1560     1560       12         0
                cinit                              1580     1580        A         0

        CLASS   CONST          

        CLASS   SMALLCONST     
                smallconst                         1000     1000        8         0

        CLASS   MEDIUMCONST    

        CLASS   COMRAM         
                cstackCOMRAM                          1        1        4         1

        CLASS   ABS1           

        CLASS   BIGRAM         

        CLASS   RAM            

        CLASS   BANK0          

        CLASS   BANK1          

        CLASS   BANK2          

        CLASS   BANK3          

        CLASS   BANK4          

        CLASS   BANK5          

        CLASS   BANK6          

        CLASS   BANK7          

        CLASS   BANK8          

        CLASS   BANK9          

        CLASS   BANK10         

        CLASS   BANK11         

        CLASS   BANK12         

        CLASS   BANK13         

        CLASS   BANK14         

        CLASS   BANK15         

        CLASS   SFR            

        CLASS   FARRAM         

        CLASS   CONFIG         
                config                           300000   300000        E         0

        CLASS   IDLOC          
                idloc                            200000   200000        8         0

        CLASS   EEDATA         



SEGMENTS        Name                           Load    Length   Top    Selector   Space  Class

                reset_vec                      000000  000004  000004         0       0  CODE    
                cstackCOMRAM                   000001  000004  000005         1       1  COMRAM  
                smallconst                     001000  000008  001008       800       0  SMALLCON
                text5                          001008  000582  00158A       804       0  CODE    
                idloc                          200000  000008  200008    200000       0  IDLOC   
                config                         300000  00000E  30000E    300000       0  CONFIG  


UNUSED ADDRESS RANGES

        Name                Unused          Largest block    Delta
        BANK0            000080-0000FF               80
        BANK1            000100-0001FF              100
        BANK10           000A00-000AFF              100
        BANK11           000B00-000BFF              100
        BANK12           000C00-000CFF              100
        BANK13           000D00-000DFF              100
        BANK14           000E00-000EFF              100
        BANK15           000F00-000F7F               80
        BANK2            000200-0002FF              100
        BANK3            000300-0003FF              100
        BANK4            000400-0004FF              100
        BANK5            000500-0005FF              100
        BANK6            000600-0006FF              100
        BANK7            000700-0007FF              100
        BANK8            000800-0008FF              100
        BANK9            000900-0009FF              100
        BIGRAM           000005-000F7F              F7B
        CODE             000004-000FFF              FFC
                         00158A-00BFFF             AA76
        COMRAM           000005-00007F               7B
        CONST            000004-000FFF              FFC
                         00158A-00BFFF             AA76
        EEDATA           F00000-F003FF              400
        MEDIUMCONST      00158A-00BFFF             AA76
        RAM              000080-000F7F              100
        SFR              000F80-000FFF               80
        SMALLCONST       00158A-00BFFF              100
        STACK            000080-000F7F              F00

                                  Symbol Table

_ADCON1bits                (abs)        000FC1
_ADCON2bits                (abs)        000FC0
_LATAbits                  (abs)        000F89
_LATBbits                  (abs)        000F8A
_LATCbits                  (abs)        000F8B
_LATD                      (abs)        000F8C
_LATDbits                  (abs)        000F8C
_LATEbits                  (abs)        000F8D
_PORTDbits                 (abs)        000F83
_TRISA0                    (abs)        007C90
_TRISA1                    (abs)        007C91
_TRISA2                    (abs)        007C92
_TRISA3                    (abs)        007C93
_TRISA4                    (abs)        007C94
_TRISA5                    (abs)        007C95
_TRISB0                    (abs)        007C98
_TRISB1                    (abs)        007C99
_TRISB2                    (abs)        007C9A
_TRISB3                    (abs)        007C9B
_TRISB4                    (abs)        007C9C
_TRISB5                    (abs)        007C9D
_TRISC0                    (abs)        007CA0
_TRISC3                    (abs)        007CA3
_TRISC4                    (abs)        007CA4
_TRISC5                    (abs)        007CA5
_TRISC6                    (abs)        007CA6
_TRISC7                    (abs)        007CA7
_TRISD                     (abs)        000F95
_TRISD0                    (abs)        007CA8
_TRISD1                    (abs)        007CA9
_TRISE0                    (abs)        007CB0
_TRISE1                    (abs)        007CB1
_TRISE2                    (abs)        007CB2
__CFG_BOREN$ON             (abs)        000000
__CFG_BORV$3               (abs)        000000
__CFG_CCP2MX$PORTC         (abs)        000000
__CFG_CP0$OFF              (abs)        000000
__CFG_CP1$OFF              (abs)        000000
__CFG_CP2$OFF              (abs)        000000
__CFG_CPB$OFF              (abs)        000000
__CFG_CPD$OFF              (abs)        000000
__CFG_EBTR0$OFF            (abs)        000000
__CFG_EBTR1$OFF            (abs)        000000
__CFG_EBTR2$OFF            (abs)        000000
__CFG_EBTRB$OFF            (abs)        000000
__CFG_FCMEN$OFF            (abs)        000000
__CFG_IESO$OFF             (abs)        000000
__CFG_LPT1OSC$OFF          (abs)        000000
__CFG_LVP$OFF              (abs)        000000
__CFG_MCLRE$ON             (abs)        000000
__CFG_OSC$HSPLL            (abs)        000000
__CFG_PBADEN$OFF           (abs)        000000
__CFG_PWRT$OFF             (abs)        000000
__CFG_STVREN$ON            (abs)        000000
__CFG_WDT$ON               (abs)        000000
__CFG_WDTPS$32768          (abs)        000000
__CFG_WRT0$OFF             (abs)        000000
__CFG_WRT1$OFF             (abs)        000000
__CFG_WRT2$OFF             (abs)        000000
__CFG_WRTB$OFF             (abs)        000000
__CFG_WRTC$OFF             (abs)        000000
__CFG_WRTD$OFF             (abs)        000000
__CFG_XINST$OFF            (abs)        000000
__HRAM                     (abs)        000000
__Habs1                    abs1         000000
__Hbank0                   bank0        000000
__Hbank1                   bank1        000000
__Hbank10                  bank10       000000
__Hbank11                  bank11       000000
__Hbank12                  bank12       000000
__Hbank13                  bank13       000000
__Hbank14                  bank14       000000
__Hbank15                  bank15       000000
__Hbank2                   bank2        000000
__Hbank3                   bank3        000000
__Hbank4                   bank4        000000
__Hbank5                   bank5        000000
__Hbank6                   bank6        000000
__Hbank7                   bank7        000000
__Hbank8                   bank8        000000
__Hbank9                   bank9        000000
__Hbigbss                  bigbss       000000
__Hbigdata                 bigdata      000000
__Hbigram                  bigram       000000
__Hbss                     bss          000000
__Hcinit                   cinit        000000
__Hclrtext                 clrtext      000000
__Hcomram                  comram       000000
__Hconfig                  config       30000E
__Hconst                   const        000000
__HcstackCOMRAM            cstackCOMRAM 000000
__Hdata                    data         000000
__Heeprom_data             eeprom_data  000000
__Hfarbss                  farbss       000000
__Hfardata                 fardata      000000
__Hibigdata                ibigdata     000000
__Hidata                   idata        000000
__Hidloc                   idloc        200008
__Hifardata                ifardata     000000
__Hinit                    init         000004
__Hintcode                 intcode      000000
__Hintcode_body            intcode_body 000000
__Hintcodelo               intcodelo    000000
__Hintentry                intentry     000000
__Hintret                  intret       000000
__Hintsave_regs            intsave_regs 000000
__Hirdata                  irdata       000000
__Hmediumconst             mediumconst  000000
__HnvFARRAM                nvFARRAM     000000
__Hnvbit                   nvbit        000000
__Hnvrram                  nvrram       000000
__Hparam                   rparam       000000
__Hpowerup                 powerup      000000
__Hram                     ram          000000
__Hramtop                  ramtop       001000
__Hrbit                    rbit         000000
__Hrbss                    rbss         000000
__Hrdata                   rdata        000000
__Hreset_vec               reset_vec    000000
__Hrparam                  rparam       000000
__Hsfr                     sfr          000000
__Hsmallconst              smallconst   001008
__Hspace_0                 (abs)        30000E
__Hspace_1                 (abs)        000005
__Hspace_2                 (abs)        000000
__Hstack                   stack        000000
__Hstruct                  struct       000000
__Htemp                    temp         000000
__Htext                    text         000000
__Htext0                   text0        000000
__Htext1                   text1        000000
__Htext10                  text10       000000
__Htext2                   text2        000000
__Htext3                   text3        000000
__Htext4                   text4        000000
__Htext5                   text5        000000
__Htext6                   text6        000000
__Htext7                   text7        000000
__Htext8                   text8        000000
__Htext9                   text9        000000
__LRAM                     (abs)        000001
__Labs1                    abs1         000000
__Lbank0                   bank0        000000
__Lbank1                   bank1        000000
__Lbank10                  bank10       000000
__Lbank11                  bank11       000000
__Lbank12                  bank12       000000
__Lbank13                  bank13       000000
__Lbank14                  bank14       000000
__Lbank15                  bank15       000000
__Lbank2                   bank2        000000
__Lbank3                   bank3        000000
__Lbank4                   bank4        000000
__Lbank5                   bank5        000000
__Lbank6                   bank6        000000
__Lbank7                   bank7        000000
__Lbank8                   bank8        000000
__Lbank9                   bank9        000000
__Lbigbss                  bigbss       000000
__Lbigdata                 bigdata      000000
__Lbigram                  bigram       000000
__Lbss                     bss          000000
__Lcinit                   cinit        000000
__Lclrtext                 clrtext      000000
__Lcomram                  comram       000000
__Lconfig                  config       300000
__Lconst                   const        000000
__LcstackCOMRAM            cstackCOMRAM 000000
__Ldata                    data         000000
__Leeprom_data             eeprom_data  000000
__Lfarbss                  farbss       000000
__Lfardata                 fardata      000000
__Libigdata                ibigdata     000000
__Lidata                   idata        000000
__Lidloc                   idloc        200000
__Lifardata                ifardata     000000
__Linit                    init         000000
__Lintcode                 intcode      000000
__Lintcode_body            intcode_body 000000
__Lintcodelo               intcodelo    000000
__Lintentry                intentry     000000
__Lintret                  intret       000000
__Lintsave_regs            intsave_regs 000000
__Lirdata                  irdata       000000
__Lmediumconst             mediumconst  000000
__LnvFARRAM                nvFARRAM     000000
__Lnvbit                   nvbit        000000
__Lnvrram                  nvrram       000000
__Lparam                   rparam       000000
__Lpowerup                 powerup      000000
__Lram                     ram          000000
__Lramtop                  ramtop       001000
__Lrbit                    rbit         000000
__Lrbss                    rbss         000000
__Lrdata                   rdata        000000
__Lreset_vec               reset_vec    000000
__Lrparam                  rparam       000000
__Lsfr                     sfr          000000
__Lsmallconst              smallconst   001000
__Lspace_0                 (abs)        000000
__Lspace_1                 (abs)        000000
__Lspace_2                 (abs)        000000
__Lstack                   stack        000000
__Lstruct                  struct       000000
__Ltemp                    temp         000000
__Ltext                    text         000000
__Ltext0                   text0        000000
__Ltext1                   text1        000000
__Ltext10                  text10       000000
__Ltext2                   text2        000000
__Ltext3                   text3        000000
__Ltext4                   text4        000000
__Ltext5                   text5        000000
__Ltext6                   text6        000000
__Ltext7                   text7        000000
__Ltext8                   text8        000000
__Ltext9                   text9        000000
__S0                       (abs)        30000E
__S1                       (abs)        000005
__S2                       (abs)        000000
___inthi_sp                stack        000000
___intlo_sp                stack        000000
___param_bank              (abs)        000000
___rparam_used             (abs)        000001
___sp                      stack        000000
__accesstop                (abs)        000080
__activetblptr             (abs)        000002
__end_of__initialization   cinit        001580
__end_of_digitalWrite      text6        0013B0
__end_of_init              text3        001580
__end_of_initADC           text10       00154A
__end_of_initLCD           text7        001426
__end_of_initOutputs       text4        0014F8
__end_of_lcdCmd            text8        0014BA
__end_of_lcdPulse          text9        001560
__end_of_lcd_print_char    text2        00152C
__end_of_lcd_print_string  text1        001478
__end_of_main              text0        001572
__end_of_pinMode           text5        0011DC
__initialization           cinit        001580
__mediumconst              mediumconst  000000
__pcinit                   cinit        001580
__pcstackCOMRAM            cstackCOMRAM 000001
__psmallconst              smallconst   001000
__ptext0                   text0        001560
__ptext1                   text1        001426
__ptext10                  text10       00152C
__ptext2                   text2        0014F8
__ptext3                   text3        001572
__ptext4                   text4        0014BA
__ptext5                   text5        001008
__ptext6                   text6        0011DC
__ptext7                   text7        0013B0
__ptext8                   text8        001478
__ptext9                   text9        00154A
__ramtop                   ramtop       001000
__size_of_digitalWrite     (abs)        000000
__size_of_init             (abs)        000000
__size_of_initADC          (abs)        000000
__size_of_initLCD          (abs)        000000
__size_of_initOutputs      (abs)        000000
__size_of_lcdCmd           (abs)        000000
__size_of_lcdPulse         (abs)        000000
__size_of_lcd_print_char   (abs)        000000
__size_of_lcd_print_string (abs)        000000
__size_of_main             (abs)        000000
__size_of_pinMode          (abs)        000000
__smallconst               smallconst   001000
_digitalWrite              text6        0011DC
_init                      text3        001572
_initADC                   text10       00152C
_initLCD                   text7        0013B0
_initOutputs               text4        0014BA
_lcdCmd                    text8        001478
_lcdPulse                  text9        00154A
_lcd_print_char            text2        0014F8
_lcd_print_string          text1        001426
_main                      text0        001560
_pinMode                   text5        001008
digitalWrite@mode          cstackCOMRAM 000001
digitalWrite@pin           cstackCOMRAM 000002
end_of_initialization      cinit        001580
initLCD@i                  cstackCOMRAM 000004
initOutputs@i              cstackCOMRAM 000003
initOutputs@i_811          cstackCOMRAM 000004
intlevel0                  text         000000
intlevel1                  text         000000
intlevel2                  text         000000
intlevel3                  text         000000
lcdCmd@cmd                 cstackCOMRAM 000002
lcd_print_char@entity      cstackCOMRAM 000002
lcd_print_string@entity    cstackCOMRAM 000003
pinMode@mode               cstackCOMRAM 000001
pinMode@pin                cstackCOMRAM 000002
stackhi                    (abs)        000F7F
stacklo                    (abs)        000080
start                      init         000000
start_initialization       cinit        001580


FUNCTION INFORMATION:

 *************** function _main *****************
 Defined at:
		line 2 in file "main.c"
 Parameters:    Size  Location     Type
		None
 Auto vars:     Size  Location     Type
		None
 Return value:  Size  Location     Type
                  1    wreg      void 
 Registers used:
		wreg, fsr0l, fsr0h, status,2, status,0, tblptrl, tblptrh, tblptru, cstack
 Tracked objects:
		On entry : 
		On exit  : 
		Unchanged: 
 Data sizes:     COMRAM   BANK0   BANK1   BANK2   BANK3   BANK4   BANK5   BANK6   BANK7   BANK8   BANK9  BANK10  BANK11  BANK12  BANK13  BANK14  BANK15
      Params:         0       0       0       0       0       0       0       0       0       0       0       0       0       0       0       0       0
      Locals:         0       0       0       0       0       0       0       0       0       0       0       0       0       0       0       0       0
      Temps:          0       0       0       0       0       0       0       0       0       0       0       0       0       0       0       0       0
      Totals:         0       0       0       0       0       0       0       0       0       0       0       0       0       0       0       0       0
Total ram usage:        0 bytes
 Hardware stack levels required when called:    4
 This function calls:
		_init
		_lcd_print_string
 This function is called by:
		Startup code after reset
 This function uses a non-reentrant model


 *************** function _lcd_print_string *****************
 Defined at:
		line 66 in file "RobotLib.c"
 Parameters:    Size  Location     Type
  entity          2    2[COMRAM] PTR unsigned char 
		 -> lcd_print_long@buff(16), lcd_print_int@buff(16), STR_1(6), 
 Auto vars:     Size  Location     Type
		None
 Return value:  Size  Location     Type
                  1    wreg      void 
 Registers used:
		wreg, fsr0l, fsr0h, status,2, status,0, tblptrl, tblptrh, tblptru, cstack
 Tracked objects:
		On entry : 
		On exit  : 
		Unchanged: 
 Data sizes:     COMRAM   BANK0   BANK1   BANK2   BANK3   BANK4   BANK5   BANK6   BANK7   BANK8   BANK9  BANK10  BANK11  BANK12  BANK13  BANK14  BANK15
      Params:         2       0       0       0       0       0       0       0       0       0       0       0       0       0       0       0       0
      Locals:         0       0       0       0       0       0       0       0       0       0       0       0       0       0       0       0       0
      Temps:          0       0       0       0       0       0       0       0       0       0       0       0       0       0       0       0       0
      Totals:         2       0       0       0       0       0       0       0       0       0       0       0       0       0       0       0       0
Total ram usage:        2 bytes
 Hardware stack levels used:    1
 Hardware stack levels required when called:    2
 This function calls:
		_lcd_print_char
 This function is called by:
		_main
 This function uses a non-reentrant model


 *************** function _lcd_print_char *****************
 Defined at:
		line 58 in file "RobotLib.c"
 Parameters:    Size  Location     Type
  entity          1    wreg     unsigned char 
 Auto vars:     Size  Location     Type
  entity          1    1[COMRAM] unsigned char 
 Return value:  Size  Location     Type
                  1    wreg      void 
 Registers used:
		wreg, status,2, status,0, cstack
 Tracked objects:
		On entry : 
		On exit  : 
		Unchanged: 
 Data sizes:     COMRAM   BANK0   BANK1   BANK2   BANK3   BANK4   BANK5   BANK6   BANK7   BANK8   BANK9  BANK10  BANK11  BANK12  BANK13  BANK14  BANK15
      Params:         0       0       0       0       0       0       0       0       0       0       0       0       0       0       0       0       0
      Locals:         1       0       0       0       0       0       0       0       0       0       0       0       0       0       0       0       0
      Temps:          1       0       0       0       0       0       0       0       0       0       0       0       0       0       0       0       0
      Totals:         2       0       0       0       0       0       0       0       0       0       0       0       0       0       0       0       0
Total ram usage:        2 bytes
 Hardware stack levels used:    1
 Hardware stack levels required when called:    1
 This function calls:
		_lcdPulse
 This function is called by:
		_lcd_print_string
 This function uses a non-reentrant model


 *************** function _init *****************
 Defined at:
		line 5 in file "RobotLib.c"
 Parameters:    Size  Location     Type
		None
 Auto vars:     Size  Location     Type
		None
 Return value:  Size  Location     Type
                  1    wreg      void 
 Registers used:
		wreg, status,2, status,0, cstack
 Tracked objects:
		On entry : 
		On exit  : 
		Unchanged: 
 Data sizes:     COMRAM   BANK0   BANK1   BANK2   BANK3   BANK4   BANK5   BANK6   BANK7   BANK8   BANK9  BANK10  BANK11  BANK12  BANK13  BANK14  BANK15
      Params:         0       0       0       0       0       0       0       0       0       0       0       0       0       0       0       0       0
      Locals:         0       0       0       0       0       0       0       0       0       0       0       0       0       0       0       0       0
      Temps:          0       0       0       0       0       0       0       0       0       0       0       0       0       0       0       0       0
      Totals:         0       0       0       0       0       0       0       0       0       0       0       0       0       0       0       0       0
Total ram usage:        0 bytes
 Hardware stack levels used:    1
 Hardware stack levels required when called:    3
 This function calls:
		_initADC
		_initLCD
		_initOutputs
 This function is called by:
		_main
 This function uses a non-reentrant model


 *************** function _initOutputs *****************
 Defined at:
		line 113 in file "RobotLib.c"
 Parameters:    Size  Location     Type
		None
 Auto vars:     Size  Location     Type
  i               1    3[COMRAM] unsigned char 
  i               1    2[COMRAM] unsigned char 
 Return value:  Size  Location     Type
                  1    wreg      void 
 Registers used:
		wreg, status,2, status,0, cstack
 Tracked objects:
		On entry : 
		On exit  : 
		Unchanged: 
 Data sizes:     COMRAM   BANK0   BANK1   BANK2   BANK3   BANK4   BANK5   BANK6   BANK7   BANK8   BANK9  BANK10  BANK11  BANK12  BANK13  BANK14  BANK15
      Params:         0       0       0       0       0       0       0       0       0       0       0       0       0       0       0       0       0
      Locals:         2       0       0       0       0       0       0       0       0       0       0       0       0       0       0       0       0
      Temps:          0       0       0       0       0       0       0       0       0       0       0       0       0       0       0       0       0
      Totals:         2       0       0       0       0       0       0       0       0       0       0       0       0       0       0       0       0
Total ram usage:        2 bytes
 Hardware stack levels used:    1
 Hardware stack levels required when called:    1
 This function calls:
		_digitalWrite
		_pinMode
 This function is called by:
		_init
 This function uses a non-reentrant model


 *************** function _pinMode *****************
 Defined at:
		line 122 in file "RobotLib.c"
 Parameters:    Size  Location     Type
  pin             1    wreg     unsigned char 
  mode            1    0[COMRAM] unsigned char 
 Auto vars:     Size  Location     Type
  pin             1    1[COMRAM] unsigned char 
 Return value:  Size  Location     Type
                  1    wreg      void 
 Registers used:
		wreg, status,2, status,0
 Tracked objects:
		On entry : 
		On exit  : 
		Unchanged: 
 Data sizes:     COMRAM   BANK0   BANK1   BANK2   BANK3   BANK4   BANK5   BANK6   BANK7   BANK8   BANK9  BANK10  BANK11  BANK12  BANK13  BANK14  BANK15
      Params:         1       0       0       0       0       0       0       0       0       0       0       0       0       0       0       0       0
      Locals:         1       0       0       0       0       0       0       0       0       0       0       0       0       0       0       0       0
      Temps:          0       0       0       0       0       0       0       0       0       0       0       0       0       0       0       0       0
      Totals:         2       0       0       0       0       0       0       0       0       0       0       0       0       0       0       0       0
Total ram usage:        2 bytes
 Hardware stack levels used:    1
 This function calls:
		Nothing
 This function is called by:
		_initOutputs
 This function uses a non-reentrant model


 *************** function _digitalWrite *****************
 Defined at:
		line 290 in file "RobotLib.c"
 Parameters:    Size  Location     Type
  pin             1    wreg     unsigned char 
  mode            1    0[COMRAM] unsigned char 
 Auto vars:     Size  Location     Type
  pin             1    1[COMRAM] unsigned char 
 Return value:  Size  Location     Type
                  1    wreg      void 
 Registers used:
		wreg, status,2, status,0
 Tracked objects:
		On entry : 
		On exit  : 
		Unchanged: 
 Data sizes:     COMRAM   BANK0   BANK1   BANK2   BANK3   BANK4   BANK5   BANK6   BANK7   BANK8   BANK9  BANK10  BANK11  BANK12  BANK13  BANK14  BANK15
      Params:         1       0       0       0       0       0       0       0       0       0       0       0       0       0       0       0       0
      Locals:         1       0       0       0       0       0       0       0       0       0       0       0       0       0       0       0       0
      Temps:          0       0       0       0       0       0       0       0       0       0       0       0       0       0       0       0       0
      Totals:         2       0       0       0       0       0       0       0       0       0       0       0       0       0       0       0       0
Total ram usage:        2 bytes
 Hardware stack levels used:    1
 This function calls:
		Nothing
 This function is called by:
		_initOutputs
 This function uses a non-reentrant model


 *************** function _initLCD *****************
 Defined at:
		line 27 in file "RobotLib.c"
 Parameters:    Size  Location     Type
		None
 Auto vars:     Size  Location     Type
  i               1    3[COMRAM] unsigned char 
 Return value:  Size  Location     Type
                  1    wreg      void 
 Registers used:
		wreg, status,2, status,0, cstack
 Tracked objects:
		On entry : 
		On exit  : 
		Unchanged: 
 Data sizes:     COMRAM   BANK0   BANK1   BANK2   BANK3   BANK4   BANK5   BANK6   BANK7   BANK8   BANK9  BANK10  BANK11  BANK12  BANK13  BANK14  BANK15
      Params:         0       0       0       0       0       0       0       0       0       0       0       0       0       0       0       0       0
      Locals:         1       0       0       0       0       0       0       0       0       0       0       0       0       0       0       0       0
      Temps:          1       0       0       0       0       0       0       0       0       0       0       0       0       0       0       0       0
      Totals:         2       0       0       0       0       0       0       0       0       0       0       0       0       0       0       0       0
Total ram usage:        2 bytes
 Hardware stack levels used:    1
 Hardware stack levels required when called:    2
 This function calls:
		_lcdCmd
		_lcdPulse
 This function is called by:
		_init
 This function uses a non-reentrant model


 *************** function _lcdCmd *****************
 Defined at:
		line 18 in file "RobotLib.c"
 Parameters:    Size  Location     Type
  cmd             1    wreg     unsigned char 
 Auto vars:     Size  Location     Type
  cmd             1    1[COMRAM] unsigned char 
 Return value:  Size  Location     Type
                  1    wreg      void 
 Registers used:
		wreg, status,2, status,0, cstack
 Tracked objects:
		On entry : 
		On exit  : 
		Unchanged: 
 Data sizes:     COMRAM   BANK0   BANK1   BANK2   BANK3   BANK4   BANK5   BANK6   BANK7   BANK8   BANK9  BANK10  BANK11  BANK12  BANK13  BANK14  BANK15
      Params:         0       0       0       0       0       0       0       0       0       0       0       0       0       0       0       0       0
      Locals:         1       0       0       0       0       0       0       0       0       0       0       0       0       0       0       0       0
      Temps:          1       0       0       0       0       0       0       0       0       0       0       0       0       0       0       0       0
      Totals:         2       0       0       0       0       0       0       0       0       0       0       0       0       0       0       0       0
Total ram usage:        2 bytes
 Hardware stack levels used:    1
 Hardware stack levels required when called:    1
 This function calls:
		_lcdPulse
 This function is called by:
		_initLCD
 This function uses a non-reentrant model


 *************** function _lcdPulse *****************
 Defined at:
		line 11 in file "RobotLib.c"
 Parameters:    Size  Location     Type
		None
 Auto vars:     Size  Location     Type
		None
 Return value:  Size  Location     Type
                  1    wreg      void 
 Registers used:
		wreg
 Tracked objects:
		On entry : 
		On exit  : 
		Unchanged: 
 Data sizes:     COMRAM   BANK0   BANK1   BANK2   BANK3   BANK4   BANK5   BANK6   BANK7   BANK8   BANK9  BANK10  BANK11  BANK12  BANK13  BANK14  BANK15
      Params:         0       0       0       0       0       0       0       0       0       0       0       0       0       0       0       0       0
      Locals:         0       0       0       0       0       0       0       0       0       0       0       0       0       0       0       0       0
      Temps:          0       0       0       0       0       0       0       0       0       0       0       0       0       0       0       0       0
      Totals:         0       0       0       0       0       0       0       0       0       0       0       0       0       0       0       0       0
Total ram usage:        0 bytes
 Hardware stack levels used:    1
 This function calls:
		Nothing
 This function is called by:
		_lcdCmd
		_initLCD
		_lcd_print_char
 This function uses a non-reentrant model


 *************** function _initADC *****************
 Defined at:
		line 488 in file "RobotLib.c"
 Parameters:    Size  Location     Type
		None
 Auto vars:     Size  Location     Type
		None
 Return value:  Size  Location     Type
                  1    wreg      void 
 Registers used:
		wreg, status,2
 Tracked objects:
		On entry : 
		On exit  : 
		Unchanged: 
 Data sizes:     COMRAM   BANK0   BANK1   BANK2   BANK3   BANK4   BANK5   BANK6   BANK7   BANK8   BANK9  BANK10  BANK11  BANK12  BANK13  BANK14  BANK15
      Params:         0       0       0       0       0       0       0       0       0       0       0       0       0       0       0       0       0
      Locals:         0       0       0       0       0       0       0       0       0       0       0       0       0       0       0       0       0
      Temps:          0       0       0       0       0       0       0       0       0       0       0       0       0       0       0       0       0
      Totals:         0       0       0       0       0       0       0       0       0       0       0       0       0       0       0       0       0
Total ram usage:        0 bytes
 Hardware stack levels used:    1
 This function calls:
		Nothing
 This function is called by:
		_init
 This function uses a non-reentrant model



MODULE INFORMATION

Module		Function		Class		Link	Load	Size
shared
		__initialization		CODE           	1580	0000	1

shared estimated size: 1

main.c
		_main          		CODE           	1560	0000	19

main.c estimated size: 19

RobotLib.c
		_init          		CODE           	1572	0000	15
		_digitalWrite  		CODE           	11DC	0000	469
		_lcdCmd        		CODE           	1478	0000	67
		_lcd_print_string		CODE           	1426	0000	83
		_initADC       		CODE           	152C	0000	31
		_initOutputs   		CODE           	14BA	0000	63
		_lcd_print_char		CODE           	14F8	0000	53
		_pinMode       		CODE           	1008	0000	469
		_lcdPulse      		CODE           	154A	0000	23
		_initLCD       		CODE           	13B0	0000	119

RobotLib.c estimated size: 1392

